Archive member included because of file (symbol)

C:\Users\Raaj\Documents\Atmel Studio\ArduinoCore\libcore.a(wiring.c.o)
                              Arduino/WiFly/MyWiFi.o (millis)
C:\Users\Raaj\Documents\Atmel Studio\ArduinoCore\libcore.a(wiring_digital.c.o)
                              Arduino/Lib/SoftwareSerial.o (pinMode)
C:\Users\Raaj\Documents\Atmel Studio\ArduinoCore\libcore.a(HardwareSerial.cpp.o)
                              Arduino/WiFly/MyWiFi.o (Serial)
C:\Users\Raaj\Documents\Atmel Studio\ArduinoCore\libcore.a(main.cpp.o)
                              c:/program files (x86)/atmel/atmel studio 6.0/extensions/atmel/avrgcc/3.4.0.65/avrtoolchain/bin/../lib/gcc/avr/4.6.2/../../../../avr/lib/avr5/crtm328p.o (main)
C:\Users\Raaj\Documents\Atmel Studio\ArduinoCore\libcore.a(new.cpp.o)
                              Arduino/Lib/SoftwareSerial.o (__cxa_pure_virtual)
C:\Users\Raaj\Documents\Atmel Studio\ArduinoCore\libcore.a(Print.cpp.o)
                              Arduino/Lib/SoftwareSerial.o (Print::write(unsigned char const*, unsigned int))
C:\Users\Raaj\Documents\Atmel Studio\ArduinoCore\libcore.a(WString.cpp.o)
                              C:\Users\Raaj\Documents\Atmel Studio\ArduinoCore\libcore.a(Print.cpp.o) (String::operator[](unsigned int) const)
c:/program files (x86)/atmel/atmel studio 6.0/extensions/atmel/avrgcc/3.4.0.65/avrtoolchain/bin/../lib/gcc/avr/4.6.2/../../../../avr/lib/avr5\libm.a(addsf3.o)
                              C:\Users\Raaj\Documents\Atmel Studio\ArduinoCore\libcore.a(Print.cpp.o) (__subsf3)
c:/program files (x86)/atmel/atmel studio 6.0/extensions/atmel/avrgcc/3.4.0.65/avrtoolchain/bin/../lib/gcc/avr/4.6.2/../../../../avr/lib/avr5\libm.a(addsf3x.o)
                              c:/program files (x86)/atmel/atmel studio 6.0/extensions/atmel/avrgcc/3.4.0.65/avrtoolchain/bin/../lib/gcc/avr/4.6.2/../../../../avr/lib/avr5\libm.a(addsf3.o) (__addsf3x)
c:/program files (x86)/atmel/atmel studio 6.0/extensions/atmel/avrgcc/3.4.0.65/avrtoolchain/bin/../lib/gcc/avr/4.6.2/../../../../avr/lib/avr5\libm.a(cmpsf2.o)
                              C:\Users\Raaj\Documents\Atmel Studio\ArduinoCore\libcore.a(Print.cpp.o) (__ltsf2)
c:/program files (x86)/atmel/atmel studio 6.0/extensions/atmel/avrgcc/3.4.0.65/avrtoolchain/bin/../lib/gcc/avr/4.6.2/../../../../avr/lib/avr5\libm.a(divsf3.o)
                              C:\Users\Raaj\Documents\Atmel Studio\ArduinoCore\libcore.a(Print.cpp.o) (__divsf3)
c:/program files (x86)/atmel/atmel studio 6.0/extensions/atmel/avrgcc/3.4.0.65/avrtoolchain/bin/../lib/gcc/avr/4.6.2/../../../../avr/lib/avr5\libm.a(divsf3x.o)
                              c:/program files (x86)/atmel/atmel studio 6.0/extensions/atmel/avrgcc/3.4.0.65/avrtoolchain/bin/../lib/gcc/avr/4.6.2/../../../../avr/lib/avr5\libm.a(divsf3.o) (__divsf3x)
c:/program files (x86)/atmel/atmel studio 6.0/extensions/atmel/avrgcc/3.4.0.65/avrtoolchain/bin/../lib/gcc/avr/4.6.2/../../../../avr/lib/avr5\libm.a(fixsfsi.o)
                              C:\Users\Raaj\Documents\Atmel Studio\ArduinoCore\libcore.a(Print.cpp.o) (__fixsfsi)
c:/program files (x86)/atmel/atmel studio 6.0/extensions/atmel/avrgcc/3.4.0.65/avrtoolchain/bin/../lib/gcc/avr/4.6.2/../../../../avr/lib/avr5\libm.a(fixunssfsi.o)
                              C:\Users\Raaj\Documents\Atmel Studio\ArduinoCore\libcore.a(Print.cpp.o) (__fixunssfsi)
c:/program files (x86)/atmel/atmel studio 6.0/extensions/atmel/avrgcc/3.4.0.65/avrtoolchain/bin/../lib/gcc/avr/4.6.2/../../../../avr/lib/avr5\libm.a(floatsisf.o)
                              C:\Users\Raaj\Documents\Atmel Studio\ArduinoCore\libcore.a(Print.cpp.o) (__floatunsisf)
c:/program files (x86)/atmel/atmel studio 6.0/extensions/atmel/avrgcc/3.4.0.65/avrtoolchain/bin/../lib/gcc/avr/4.6.2/../../../../avr/lib/avr5\libm.a(fp_cmp.o)
                              c:/program files (x86)/atmel/atmel studio 6.0/extensions/atmel/avrgcc/3.4.0.65/avrtoolchain/bin/../lib/gcc/avr/4.6.2/../../../../avr/lib/avr5\libm.a(cmpsf2.o) (__fp_cmp)
c:/program files (x86)/atmel/atmel studio 6.0/extensions/atmel/avrgcc/3.4.0.65/avrtoolchain/bin/../lib/gcc/avr/4.6.2/../../../../avr/lib/avr5\libm.a(fp_inf.o)
                              c:/program files (x86)/atmel/atmel studio 6.0/extensions/atmel/avrgcc/3.4.0.65/avrtoolchain/bin/../lib/gcc/avr/4.6.2/../../../../avr/lib/avr5\libm.a(addsf3x.o) (__fp_inf)
c:/program files (x86)/atmel/atmel studio 6.0/extensions/atmel/avrgcc/3.4.0.65/avrtoolchain/bin/../lib/gcc/avr/4.6.2/../../../../avr/lib/avr5\libm.a(fp_nan.o)
                              c:/program files (x86)/atmel/atmel studio 6.0/extensions/atmel/avrgcc/3.4.0.65/avrtoolchain/bin/../lib/gcc/avr/4.6.2/../../../../avr/lib/avr5\libm.a(addsf3x.o) (__fp_nan)
c:/program files (x86)/atmel/atmel studio 6.0/extensions/atmel/avrgcc/3.4.0.65/avrtoolchain/bin/../lib/gcc/avr/4.6.2/../../../../avr/lib/avr5\libm.a(fp_pscA.o)
[...]
Memory Configuration

Name             Origin             Length             Attributes
text             0x00000000         0x00020000         xr
data             0x00800060         0x0000ffa0         rw !x
eeprom           0x00810000         0x00010000         rw !x
fuse             0x00820000         0x00000400         rw !x
lock             0x00830000         0x00000400         rw !x
signature        0x00840000         0x00000400         rw !x
*default*        0x00000000         0xffffffff

Linker script and memory map

Address of section .data set to 0x800100
LOAD c:/program files (x86)/atmel/atmel studio 6.0/extensions/atmel/avrgcc/3.4.0.65/avrtoolchain/bin/../lib/gcc/avr/4.6.2/../../../../avr/lib/avr5/crtm328p.o
LOAD Arduino/Lib/SoftwareSerial.o
LOAD Arduino/WiFly/MemoryFree.o
LOAD Arduino/WiFly/MyWiFi.o
LOAD Arduino/WiFly/PWMDriver.o
LOAD CarProject.o
START GROUP
LOAD c:/program files (x86)/atmel/atmel studio 6.0/extensions/atmel/avrgcc/3.4.0.65/avrtoolchain/bin/../lib/gcc/avr/4.6.2/../../../../avr/lib/avr5\libm.a
LOAD C:\Users\Raaj\Documents\Atmel Studio\ArduinoCore\libcore.a
END GROUP
LOAD c:/program files (x86)/atmel/atmel studio 6.0/extensions/atmel/avrgcc/3.4.0.65/avrtoolchain/bin/../lib/gcc/avr/4.6.2/avr5\libgcc.a
LOAD c:/program files (x86)/atmel/atmel studio 6.0/extensions/atmel/avrgcc/3.4.0.65/avrtoolchain/bin/../lib/gcc/avr/4.6.2/../../../../avr/lib/avr5\libm.a
LOAD c:/program files (x86)/atmel/atmel studio 6.0/extensions/atmel/avrgcc/3.4.0.65/avrtoolchain/bin/../lib/gcc/avr/4.6.2/avr5\libgcc.a
LOAD c:/program files (x86)/atmel/atmel studio 6.0/extensions/atmel/avrgcc/3.4.0.65/avrtoolchain/bin/../lib/gcc/avr/4.6.2/../../../../avr/lib/avr5\libc.a
LOAD c:/program files (x86)/atmel/atmel studio 6.0/extensions/atmel/avrgcc/3.4.0.65/avrtoolchain/bin/../lib/gcc/avr/4.6.2/avr5\libgcc.a

.hash
 *(.hash)

.dynsym
 *(.dynsym)

.dynstr
 *(.dynstr)

.gnu.version
 *(.gnu.version)

.gnu.version_d
 *(.gnu.version_d)

.gnu.version_r
 *(.gnu.version_r)

.rel.init
 *(.rel.init)

.rela.init
 *(.rela.init)

.rel.text
 *(.rel.text)
 *(.rel.text.*)
 *(.rel.gnu.linkonce.t*)

.rela.text
 *(.rela.text)
 *(.rela.text.*)
 *(.rela.gnu.linkonce.t*)

.rel.fini
 *(.rel.fini)

.rela.fini
 *(.rela.fini)

.rel.rodata
 *(.rel.rodata)
 *(.rel.rodata.*)
 *(.rel.gnu.linkonce.r*)

.rela.rodata
 *(.rela.rodata)
 *(.rela.rodata.*)
 *(.rela.gnu.linkonce.r*)

.rel.data
 *(.rel.data)
 *(.rel.data.*)
 *(.rel.gnu.linkonce.d*)

.rela.data
 *(.rela.data)
 *(.rela.data.*)
 *(.rela.gnu.linkonce.d*)

.rel.ctors
 *(.rel.ctors)

.rela.ctors
 *(.rela.ctors)

.rel.dtors
 *(.rel.dtors)

.rela.dtors
 *(.rela.dtors)

.rel.got
 *(.rel.got)

.rela.got
 *(.rela.got)

.rel.bss
 *(.rel.bss)

.rela.bss
 *(.rela.bss)

.rel.plt
 *(.rel.plt)

.rela.plt
 *(.rela.plt)

.text           0x00000000     0x1ab0
 *(.vectors)
 .vectors       0x00000000       0x68 c:/program files (x86)/atmel/atmel studio 6.0/extensions/atmel/avrgcc/3.4.0.65/avrtoolchain/bin/../lib/gcc/avr/4.6.2/../../../../avr/lib/avr5/crtm328p.o
                0x00000000                __vector_default
                0x00000000                __vectors
 *(.vectors)
 *(.progmem.gcc*)
 *(.progmem*)
 .progmem.data  0x00000068       0x90 Arduino/Lib/SoftwareSerial.o
 .progmem.data  0x000000f8       0x5a C:\Users\Raaj\Documents\Atmel Studio\ArduinoCore\libcore.a(wiring_digital.c.o)
                0x000000f8                port_to_mode_PGM
                0x00000102                port_to_output_PGM
                0x0000010c                port_to_input_PGM
                0x00000116                digital_pin_to_port_PGM
                0x0000012a                digital_pin_to_bit_mask_PGM
                0x0000013e                digital_pin_to_timer_PGM
                0x00000152                . = ALIGN (0x2)
                0x00000152                __trampolines_start = .
 *(.trampolines)
 .trampolines   0x00000152        0x0 linker stubs
 *(.trampolines*)
                0x00000152                __trampolines_end = .
 *(.jumptables)
 *(.jumptables*)
 *(.lowtext)
 *(.lowtext*)
                0x00000152                __ctors_start = .
 *(.ctors)
 .ctors         0x00000152        0x2 CarProject.o
 .ctors         0x00000154        0x2 C:\Users\Raaj\Documents\Atmel Studio\ArduinoCore\libcore.a(HardwareSerial.cpp.o)
                0x00000156                __ctors_end = .
                0x00000156                __dtors_start = .
 *(.dtors)
 .dtors         0x00000156        0x2 CarProject.o
                0x00000158                __dtors_end = .
 SORT(*)(.ctors)
 SORT(*)(.dtors)
 *(.init0)
 .init0         0x00000158        0x0 c:/program files (x86)/atmel/atmel studio 6.0/extensions/atmel/avrgcc/3.4.0.65/avrtoolchain/bin/../lib/gcc/avr/4.6.2/../../../../avr/lib/avr5/crtm328p.o
                0x00000158                __init
 *(.init0)
 *(.init1)
 *(.init1)
 *(.init2)
 .init2         0x00000158        0xc c:/program files (x86)/atmel/atmel studio 6.0/extensions/atmel/avrgcc/3.4.0.65/avrtoolchain/bin/../lib/gcc/avr/4.6.2/../../../../avr/lib/avr5/crtm328p.o
 *(.init2)
 *(.init3)
 *(.init3)
 *(.init4)
 .init4         0x00000164       0x16 c:/program files (x86)/atmel/atmel studio 6.0/extensions/atmel/avrgcc/3.4.0.65/avrtoolchain/bin/../lib/gcc/avr/4.6.2/avr5\libgcc.a(_copy_data.o)
                0x00000164                __do_copy_data
 .init4         0x0000017a       0x10 c:/program files (x86)/atmel/atmel studio 6.0/extensions/atmel/avrgcc/3.4.0.65/avrtoolchain/bin/../lib/gcc/avr/4.6.2/avr5\libgcc.a(_clear_bss.o)
                0x0000017a                __do_clear_bss
 *(.init4)
 *(.init5)
 *(.init5)
 *(.init6)
 .init6         0x0000018a       0x16 c:/program files (x86)/atmel/atmel studio 6.0/extensions/atmel/avrgcc/3.4.0.65/avrtoolchain/bin/../lib/gcc/avr/4.6.2/avr5\libgcc.a(_ctors.o)
                0x0000018a                __do_global_ctors
 *(.init6)
 *(.init7)
 *(.init7)
 *(.init8)
 *(.init8)
 *(.init9)
 .init9         0x000001a0        0x8 c:/program files (x86)/atmel/atmel studio 6.0/extensions/atmel/avrgcc/3.4.0.65/avrtoolchain/bin/../lib/gcc/avr/4.6.2/../../../../avr/lib/avr5/crtm328p.o
 *(.init9)
 *(.text)
 .text          0x000001a8        0x4 c:/program files (x86)/atmel/atmel studio 6.0/extensions/atmel/avrgcc/3.4.0.65/avrtoolchain/bin/../lib/gcc/avr/4.6.2/../../../../avr/lib/avr5/crtm328p.o
                0x000001a8                __vector_22
                0x000001a8                __vector_1
                0x000001a8                __vector_24
                0x000001a8                __vector_12
                0x000001a8                __bad_interrupt
                0x000001a8                __vector_6
                0x000001a8                __vector_23
                0x000001a8                __vector_25
                0x000001a8                __vector_11
                0x000001a8                __vector_13
                0x000001a8                __vector_17
                0x000001a8                __vector_7
                0x000001a8                __vector_9
                0x000001a8                __vector_2
                0x000001a8                __vector_21
                0x000001a8                __vector_15
                0x000001a8                __vector_8
                0x000001a8                __vector_14
                0x000001a8                __vector_10
                0x000001a8                __vector_20
                0x000001ac                . = ALIGN (0x2)
 *(.text.*)
 .text._ZN14SoftwareSerial4readEv
                0x000001ac       0x48 Arduino/Lib/SoftwareSerial.o
                0x000001ac                SoftwareSerial::read()
 .text._ZN14SoftwareSerial4peekEv
                0x000001f4       0x36 Arduino/Lib/SoftwareSerial.o
                0x000001f4                SoftwareSerial::peek()
 .text._ZN14SoftwareSerial5flushEv
                0x0000022a       0x1e Arduino/Lib/SoftwareSerial.o
                0x0000022a                SoftwareSerial::flush()
 .text._ZN14SoftwareSerial9availableEv
                0x00000248       0x30 Arduino/Lib/SoftwareSerial.o
                0x00000248                SoftwareSerial::available()
 .text._ZN14SoftwareSerial10tunedDelayEj
                0x00000278        0xe Arduino/Lib/SoftwareSerial.o
                0x00000278                SoftwareSerial::tunedDelay(unsigned int)
 .text._ZN14SoftwareSerial6listenEv
                0x00000286       0x34 Arduino/Lib/SoftwareSerial.o
                0x00000286                SoftwareSerial::listen()
 .text._ZN14SoftwareSerial4recvEv
                0x000002ba       0xc0 Arduino/Lib/SoftwareSerial.o
                0x000002ba                SoftwareSerial::recv()
 .text._ZN14SoftwareSerial12tx_pin_writeEh
                0x0000037a       0x1e Arduino/Lib/SoftwareSerial.o
                0x0000037a                SoftwareSerial::tx_pin_write(unsigned char)
 .text._ZN14SoftwareSerial5writeEh
                0x00000398       0xc6 Arduino/Lib/SoftwareSerial.o
                0x00000398                SoftwareSerial::write(unsigned char)
 .text._ZN14SoftwareSerial16handle_interruptEv
                0x0000045e       0x12 Arduino/Lib/SoftwareSerial.o
                0x0000045e                SoftwareSerial::handle_interrupt()
 .text.__vector_3
                0x00000470       0x48 Arduino/Lib/SoftwareSerial.o
                0x00000470                __vector_3
 .text.__vector_4
                0x000004b8       0x48 Arduino/Lib/SoftwareSerial.o
                0x000004b8                __vector_4
 .text.__vector_5
                0x00000500       0x48 Arduino/Lib/SoftwareSerial.o
                0x00000500                __vector_5
 .text._ZN14SoftwareSerial5setTXEh
                0x00000548       0x4a Arduino/Lib/SoftwareSerial.o
                0x00000548                SoftwareSerial::setTX(unsigned char)
 .text._ZN14SoftwareSerial5setRXEh
                0x00000592       0x52 Arduino/Lib/SoftwareSerial.o
                0x00000592                SoftwareSerial::setRX(unsigned char)
 .text._ZN14SoftwareSerialC2Ehhb
                0x000005e4       0x5a Arduino/Lib/SoftwareSerial.o
                0x000005e4                SoftwareSerial::SoftwareSerial(unsigned char, unsigned char, bool)
                0x000005e4                SoftwareSerial::SoftwareSerial(unsigned char, unsigned char, bool)
 .text._ZN14SoftwareSerial5beginEl
                0x0000063e      0x14e Arduino/Lib/SoftwareSerial.o
                0x0000063e                SoftwareSerial::begin(long)
 .text._ZN14SoftwareSerial3endEv
                0x0000078c       0x5e Arduino/Lib/SoftwareSerial.o
                0x0000078c                SoftwareSerial::end()
 .text._ZN14SoftwareSerialD2Ev
                0x000007ea       0x10 Arduino/Lib/SoftwareSerial.o
                0x000007ea                SoftwareSerial::~SoftwareSerial()
                0x000007ea                SoftwareSerial::~SoftwareSerial()
 .text._ZN6MyWiFiC2Ehh
                0x000007fa       0x34 Arduino/WiFly/MyWiFi.o
                0x000007fa                MyWiFi::MyWiFi(unsigned char, unsigned char)
                0x000007fa                MyWiFi::MyWiFi(unsigned char, unsigned char)
 .text._Z14checkForStringPcS_
                0x0000082e       0x10 Arduino/WiFly/MyWiFi.o
                0x0000082e                checkForString(char*, char*)
 .text._ZN6MyWiFi9readSpeedEv
                0x0000083e       0xf8 Arduino/WiFly/MyWiFi.o
                0x0000083e                MyWiFi::readSpeed()
 .text._ZN6MyWiFi8SendUARTEcc
                0x00000936       0x7e Arduino/WiFly/MyWiFi.o
                0x00000936                MyWiFi::SendUART(char, char)
 .text._ZN6MyWiFi5ReadyEv
                0x000009b4       0xac Arduino/WiFly/MyWiFi.o
                0x000009b4                MyWiFi::Ready()
 .text._ZN6MyWiFi11RebootWiFlyEv
                0x00000a60       0x2e Arduino/WiFly/MyWiFi.o
                0x00000a60                MyWiFi::RebootWiFly()
 .text._ZN6MyWiFi12CheckForWiFiEii
                0x00000a8e       0xe6 Arduino/WiFly/MyWiFi.o
                0x00000a8e                MyWiFi::CheckForWiFi(int, int)
 .text._ZN3PWM11SpeedSetterEii
                0x00000b74      0x174 Arduino/WiFly/PWMDriver.o
                0x00000b74                PWM::SpeedSetter(int, int)
 .text._ZN3PWMC2Ev
                0x00000ce8       0x64 Arduino/WiFly/PWMDriver.o
                0x00000ce8                PWM::PWM()
                0x00000ce8                PWM::PWM()
 .text._ZN3PWM5ResetEv
                0x00000d4c       0x54 Arduino/WiFly/PWMDriver.o
                0x00000d4c                PWM::Reset()
 .text._ZN3PWM5PulseEv
                0x00000da0       0x50 Arduino/WiFly/PWMDriver.o
                0x00000da0                PWM::Pulse()
 .text._Z41__static_initialization_and_destruction_0ii.constprop.3
                0x00000df0       0x22 CarProject.o
 .text._Z10SuccessLEDv
                0x00000e12       0x12 CarProject.o
                0x00000e12                SuccessLED()
 .text._Z12ConnectedLEDv
                0x00000e24       0x12 CarProject.o
                0x00000e24                ConnectedLED()
 .text._Z10CheckWiFlyh
                0x00000e36       0x58 CarProject.o
                0x00000e36                CheckWiFly(unsigned char)
 .text.setup    0x00000e8e       0x18 CarProject.o
                0x00000e8e                setup
 .text.loop     0x00000ea6       0x52 CarProject.o
                0x00000ea6                loop
 .text.startup._GLOBAL__sub_I_WiFly
                0x00000ef8        0xa CarProject.o
 .text.exit._GLOBAL__sub_D_WiFly
                0x00000f02        0xa CarProject.o
 .text.__vector_16
                0x00000f0c       0x90 C:\Users\Raaj\Documents\Atmel Studio\ArduinoCore\libcore.a(wiring.c.o)
                0x00000f0c                __vector_16
 .text.millis   0x00000f9c       0x1c C:\Users\Raaj\Documents\Atmel Studio\ArduinoCore\libcore.a(wiring.c.o)
                0x00000f9c                millis
 .text.micros   0x00000fb8       0x4c C:\Users\Raaj\Documents\Atmel Studio\ArduinoCore\libcore.a(wiring.c.o)
                0x00000fb8                micros
 .text.delay    0x00001004       0xb2 C:\Users\Raaj\Documents\Atmel Studio\ArduinoCore\libcore.a(wiring.c.o)
                0x00001004                delay
 .text.init     0x000010b6       0x76 C:\Users\Raaj\Documents\Atmel Studio\ArduinoCore\libcore.a(wiring.c.o)
                0x000010b6                init
 .text.pinMode  0x0000112c       0x7e C:\Users\Raaj\Documents\Atmel Studio\ArduinoCore\libcore.a(wiring_digital.c.o)
                0x0000112c                pinMode
 .text.digitalWrite
                0x000011aa       0xa8 C:\Users\Raaj\Documents\Atmel Studio\ArduinoCore\libcore.a(wiring_digital.c.o)
                0x000011aa                digitalWrite
 .text._Z11serialEventv
                0x00001252        0x2 C:\Users\Raaj\Documents\Atmel Studio\ArduinoCore\libcore.a(HardwareSerial.cpp.o)
                0x00001252                serialEvent()
 .text.__vector_18
                0x00001254       0x68 C:\Users\Raaj\Documents\Atmel Studio\ArduinoCore\libcore.a(HardwareSerial.cpp.o)
                0x00001254                __vector_18
 .text._Z14serialEventRunv
                0x000012bc       0x26 C:\Users\Raaj\Documents\Atmel Studio\ArduinoCore\libcore.a(HardwareSerial.cpp.o)
                0x000012bc                serialEventRun()
 .text.__vector_19
                0x000012e2       0x76 C:\Users\Raaj\Documents\Atmel Studio\ArduinoCore\libcore.a(HardwareSerial.cpp.o)
                0x000012e2                __vector_19
 .text._ZN14HardwareSerial5beginEm
                0x00001358      0x10c C:\Users\Raaj\Documents\Atmel Studio\ArduinoCore\libcore.a(HardwareSerial.cpp.o)
                0x00001358                HardwareSerial::begin(unsigned long)
 .text._ZN14HardwareSerial9availableEv
                0x00001464       0x22 C:\Users\Raaj\Documents\Atmel Studio\ArduinoCore\libcore.a(HardwareSerial.cpp.o)
                0x00001464                HardwareSerial::available()
 .text._ZN14HardwareSerial4peekEv
                0x00001486       0x40 C:\Users\Raaj\Documents\Atmel Studio\ArduinoCore\libcore.a(HardwareSerial.cpp.o)
                0x00001486                HardwareSerial::peek()
 .text._ZN14HardwareSerial4readEv
                0x000014c6       0x52 C:\Users\Raaj\Documents\Atmel Studio\ArduinoCore\libcore.a(HardwareSerial.cpp.o)
                0x000014c6                HardwareSerial::read()
 .text._ZN14HardwareSerial5flushEv
                0x00001518       0x24 C:\Users\Raaj\Documents\Atmel Studio\ArduinoCore\libcore.a(HardwareSerial.cpp.o)
                0x00001518                HardwareSerial::flush()
 .text._ZN14HardwareSerial5writeEh
                0x0000153c       0x72 C:\Users\Raaj\Documents\Atmel Studio\ArduinoCore\libcore.a(HardwareSerial.cpp.o)
                0x0000153c                HardwareSerial::write(unsigned char)
 .text._GLOBAL__I_rx_buffer
                0x000015ae       0xa0 C:\Users\Raaj\Documents\Atmel Studio\ArduinoCore\libcore.a(HardwareSerial.cpp.o)
 .text.main     0x0000164e       0x1e C:\Users\Raaj\Documents\Atmel Studio\ArduinoCore\libcore.a(main.cpp.o)
                0x0000164e                main
 .text.__cxa_pure_virtual
                0x0000166c        0x2 C:\Users\Raaj\Documents\Atmel Studio\ArduinoCore\libcore.a(new.cpp.o)
                0x0000166c                __cxa_pure_virtual
 .text._ZN5Print5writeEPKhj
                0x0000166e       0x54 C:\Users\Raaj\Documents\Atmel Studio\ArduinoCore\libcore.a(Print.cpp.o)
                0x0000166e                Print::write(unsigned char const*, unsigned int)
 .text._ZN5Print5printEc
                0x000016c2       0x10 C:\Users\Raaj\Documents\Atmel Studio\ArduinoCore\libcore.a(Print.cpp.o)
                0x000016c2                Print::print(char)
 .text._ZN5Print7printlnEv
                0x000016d2       0x40 C:\Users\Raaj\Documents\Atmel Studio\ArduinoCore\libcore.a(Print.cpp.o)
                0x000016d2                Print::println()
 .text._ZN5Print5writeEPKc
                0x00001712       0x28 C:\Users\Raaj\Documents\Atmel Studio\ArduinoCore\libcore.a(Print.cpp.o)
                0x00001712                Print::write(char const*)
 .text._ZN5Print5printEPKc
                0x0000173a        0x6 C:\Users\Raaj\Documents\Atmel Studio\ArduinoCore\libcore.a(Print.cpp.o)
                0x0000173a                Print::print(char const*)
 .text._ZN5Print7printlnEPKc
                0x00001740       0x26 C:\Users\Raaj\Documents\Atmel Studio\ArduinoCore\libcore.a(Print.cpp.o)
                0x00001740                Print::println(char const*)
 .text.libgcc   0x00001766       0x26 c:/program files (x86)/atmel/atmel studio 6.0/extensions/atmel/avrgcc/3.4.0.65/avrtoolchain/bin/../lib/gcc/avr/4.6.2/avr5\libgcc.a(_divmodhi4.o)
                0x00001766                _div
                0x00001766                __divmodhi4
 .text.libgcc   0x0000178c       0x44 c:/program files (x86)/atmel/atmel studio 6.0/extensions/atmel/avrgcc/3.4.0.65/avrtoolchain/bin/../lib/gcc/avr/4.6.2/avr5\libgcc.a(_udivmodsi4.o)
                0x0000178c                __udivmodsi4
 .text.libgcc   0x000017d0       0x28 c:/program files (x86)/atmel/atmel studio 6.0/extensions/atmel/avrgcc/3.4.0.65/avrtoolchain/bin/../lib/gcc/avr/4.6.2/avr5\libgcc.a(_udivmodhi4.o)
                0x000017d0                __udivmodhi4
 .text.libgcc   0x000017f8        0xc c:/program files (x86)/atmel/atmel studio 6.0/extensions/atmel/avrgcc/3.4.0.65/avrtoolchain/bin/../lib/gcc/avr/4.6.2/avr5\libgcc.a(_tablejump.o)
                0x000017f8                __tablejump2__
                0x000017fc                __tablejump__
 .text.avr-libc
                0x00001804      0x25e c:/program files (x86)/atmel/atmel studio 6.0/extensions/atmel/avrgcc/3.4.0.65/avrtoolchain/bin/../lib/gcc/avr/4.6.2/../../../../avr/lib/avr5\libc.a(malloc.o)
                0x00001804                malloc
                0x00001930                free
 .text.avr-libc
                0x00001a62       0x34 c:/program files (x86)/atmel/atmel studio 6.0/extensions/atmel/avrgcc/3.4.0.65/avrtoolchain/bin/../lib/gcc/avr/4.6.2/../../../../avr/lib/avr5\libc.a(strstr.o)
                0x00001a62                strstr
                0x00001a96                . = ALIGN (0x2)
 *(.fini9)
 .fini9         0x00001a96        0x0 c:/program files (x86)/atmel/atmel studio 6.0/extensions/atmel/avrgcc/3.4.0.65/avrtoolchain/bin/../lib/gcc/avr/4.6.2/avr5\libgcc.a(_exit.o)
                0x00001a96                _exit
                0x00001a96                exit
 *(.fini9)
 *(.fini8)
 *(.fini8)
 *(.fini7)
 *(.fini7)
 *(.fini6)
 .fini6         0x00001a96       0x16 c:/program files (x86)/atmel/atmel studio 6.0/extensions/atmel/avrgcc/3.4.0.65/avrtoolchain/bin/../lib/gcc/avr/4.6.2/avr5\libgcc.a(_dtors.o)
                0x00001a96                __do_global_dtors
 *(.fini6)
 *(.fini5)
 *(.fini5)
 *(.fini4)
 *(.fini4)
 *(.fini3)
 *(.fini3)
 *(.fini2)
 *(.fini2)
 *(.fini1)
 *(.fini1)
 *(.fini0)
 .fini0         0x00001aac        0x4 c:/program files (x86)/atmel/atmel studio 6.0/extensions/atmel/avrgcc/3.4.0.65/avrtoolchain/bin/../lib/gcc/avr/4.6.2/avr5\libgcc.a(_exit.o)
 *(.fini0)
                0x00001ab0                _etext = .

.data           0x00800100       0xa0 load address 0x00001ab0
                0x00800100                PROVIDE (__data_start, .)
 *(.data)
 .data          0x00800100       0x20 Arduino/Lib/SoftwareSerial.o
                0x00800100                vtable for SoftwareSerial
                0x00800110                vtable for Stream
 .data          0x00800120       0x26 Arduino/WiFly/MyWiFi.o
                0x00800144                firstLoad
                0x00800145                uartLoad
 .data          0x00800146       0x14 Arduino/WiFly/PWMDriver.o
                0x00800146                Speed
 .data          0x0080015a       0x30 CarProject.o
 .data          0x0080018a        0x6 c:/program files (x86)/atmel/atmel studio 6.0/extensions/atmel/avrgcc/3.4.0.65/avrtoolchain/bin/../lib/gcc/avr/4.6.2/../../../../avr/lib/avr5\libc.a(malloc.o)
                0x0080018a                __malloc_heap_end
                0x0080018c                __malloc_heap_start
                0x0080018e                __malloc_margin
 *(.data*)
 *(.rodata)
 *(.rodata*)
 .rodata._ZTV14HardwareSerial
                0x00800190       0x10 C:\Users\Raaj\Documents\Atmel Studio\ArduinoCore\libcore.a(HardwareSerial.cpp.o)
                0x00800190                vtable for HardwareSerial
 *(.gnu.linkonce.d*)
                0x008001a0                . = ALIGN (0x2)
                0x008001a0                _edata = .
                0x008001a0                PROVIDE (__data_end, .)

.bss            0x008001a0      0x127
                0x008001a0                PROVIDE (__bss_start, .)
 *(.bss)
 .bss           0x008001a0       0x44 Arduino/Lib/SoftwareSerial.o
                0x008001a0                SoftwareSerial::_receive_buffer_head
                0x008001a1                SoftwareSerial::_receive_buffer_tail
                0x008001a2                SoftwareSerial::_receive_buffer
                0x008001e2                SoftwareSerial::active_object
 .bss           0x008001e4       0x2f CarProject.o
                0x008001e4                responseFromDevice
                0x008001e5                bWiFiAvailable
                0x008001e6                WiFly
 *(.bss*)
 .bss.timer0_overflow_count
                0x00800213        0x4 C:\Users\Raaj\Documents\Atmel Studio\ArduinoCore\libcore.a(wiring.c.o)
                0x00800213                timer0_overflow_count
 .bss.timer0_millis
                0x00800217        0x4 C:\Users\Raaj\Documents\Atmel Studio\ArduinoCore\libcore.a(wiring.c.o)
                0x00800217                timer0_millis
 .bss.timer0_fract
                0x0080021b        0x1 C:\Users\Raaj\Documents\Atmel Studio\ArduinoCore\libcore.a(wiring.c.o)
 .bss.rx_buffer
                0x0080021c       0x44 C:\Users\Raaj\Documents\Atmel Studio\ArduinoCore\libcore.a(HardwareSerial.cpp.o)
                0x0080021c                rx_buffer
 .bss.tx_buffer
                0x00800260       0x44 C:\Users\Raaj\Documents\Atmel Studio\ArduinoCore\libcore.a(HardwareSerial.cpp.o)
                0x00800260                tx_buffer
 .bss.Serial    0x008002a4       0x1f C:\Users\Raaj\Documents\Atmel Studio\ArduinoCore\libcore.a(HardwareSerial.cpp.o)
                0x008002a4                Serial
 *(COMMON)
 COMMON         0x008002c3        0x4 c:/program files (x86)/atmel/atmel studio 6.0/extensions/atmel/avrgcc/3.4.0.65/avrtoolchain/bin/../lib/gcc/avr/4.6.2/../../../../avr/lib/avr5\libc.a(malloc.o)
                0x008002c3                __brkval
                0x008002c5                __flp
                0x008002c7                PROVIDE (__bss_end, .)
                0x00001ab0                __data_load_start = LOADADDR (.data)
                0x00001b50                __data_load_end = (__data_load_start + SIZEOF (.data))

.noinit         0x008002c7        0x0
                0x008002c7                PROVIDE (__noinit_start, .)
 *(.noinit*)
                0x008002c7                PROVIDE (__noinit_end, .)
                0x008002c7                _end = .
                0x008002c7                PROVIDE (__heap_start, .)

.eeprom         0x00810000        0x0
 *(.eeprom*)
                0x00810000                __eeprom_end = .

.fuse
 *(.fuse)
 *(.lfuse)
 *(.hfuse)
 *(.efuse)

.lock
 *(.lock*)

.signature
 *(.signature*)

.stab           0x00000000      0x81c
 *(.stab)
 .stab          0x00000000      0x6cc c:/program files (x86)/atmel/atmel studio 6.0/extensions/atmel/avrgcc/3.4.0.65/avrtoolchain/bin/../lib/gcc/avr/4.6.2/../../../../avr/lib/avr5/crtm328p.o
 .stab          0x000006cc      0x150 c:/program files (x86)/atmel/atmel studio 6.0/extensions/atmel/avrgcc/3.4.0.65/avrtoolchain/bin/../lib/gcc/avr/4.6.2/../../../../avr/lib/avr5\libc.a(strstr.o)
                                0x15c (size before relaxing)

.stabstr        0x00000000      0xe62
 *(.stabstr)
 .stabstr       0x00000000      0xe62 c:/program files (x86)/atmel/atmel studio 6.0/extensions/atmel/avrgcc/3.4.0.65/avrtoolchain/bin/../lib/gcc/avr/4.6.2/../../../../avr/lib/avr5/crtm328p.o

.stab.excl
 *(.stab.excl)

.stab.exclstr
 *(.stab.exclstr)

.stab.index
 *(.stab.index)

.stab.indexstr
 *(.stab.indexstr)

.comment
 *(.comment)

.debug
 *(.debug)

.line
 *(.line)

.debug_srcinfo
 *(.debug_srcinfo)

.debug_sfnames
 *(.debug_sfnames)

.debug_aranges  0x00000000      0x540
 *(.debug_aranges)
 .debug_aranges
                0x00000000       0xb8 Arduino/Lib/SoftwareSerial.o
 .debug_aranges
                0x000000b8       0x50 Arduino/WiFly/MyWiFi.o
 .debug_aranges
                0x00000108       0x38 Arduino/WiFly/PWMDriver.o
 .debug_aranges
                0x00000140       0x58 CarProject.o
 .debug_aranges
                0x00000198       0x48 C:\Users\Raaj\Documents\Atmel Studio\ArduinoCore\libcore.a(wiring.c.o)
 .debug_aranges
                0x000001e0       0x30 C:\Users\Raaj\Documents\Atmel Studio\ArduinoCore\libcore.a(wiring_digital.c.o)
 .debug_aranges
                0x00000210       0x90 C:\Users\Raaj\Documents\Atmel Studio\ArduinoCore\libcore.a(HardwareSerial.cpp.o)
 .debug_aranges
                0x000002a0       0x20 C:\Users\Raaj\Documents\Atmel Studio\ArduinoCore\libcore.a(main.cpp.o)
 .debug_aranges
                0x000002c0       0x48 C:\Users\Raaj\Documents\Atmel Studio\ArduinoCore\libcore.a(new.cpp.o)
 .debug_aranges
                0x00000308       0xf0 C:\Users\Raaj\Documents\Atmel Studio\ArduinoCore\libcore.a(Print.cpp.o)
 .debug_aranges
                0x000003f8       0x20 c:/program files (x86)/atmel/atmel studio 6.0/extensions/atmel/avrgcc/3.4.0.65/avrtoolchain/bin/../lib/gcc/avr/4.6.2/avr5\libgcc.a(_divmodhi4.o)
 .debug_aranges
                0x00000418       0x20 c:/program files (x86)/atmel/atmel studio 6.0/extensions/atmel/avrgcc/3.4.0.65/avrtoolchain/bin/../lib/gcc/avr/4.6.2/avr5\libgcc.a(_udivmodsi4.o)
 .debug_aranges
                0x00000438       0x20 c:/program files (x86)/atmel/atmel studio 6.0/extensions/atmel/avrgcc/3.4.0.65/avrtoolchain/bin/../lib/gcc/avr/4.6.2/avr5\libgcc.a(_exit.o)
 .debug_aranges
                0x00000458       0x20 c:/program files (x86)/atmel/atmel studio 6.0/extensions/atmel/avrgcc/3.4.0.65/avrtoolchain/bin/../lib/gcc/avr/4.6.2/avr5\libgcc.a(_copy_data.o)
 .debug_aranges
                0x00000478       0x20 c:/program files (x86)/atmel/atmel studio 6.0/extensions/atmel/avrgcc/3.4.0.65/avrtoolchain/bin/../lib/gcc/avr/4.6.2/avr5\libgcc.a(_clear_bss.o)
 .debug_aranges
                0x00000498       0x20 c:/program files (x86)/atmel/atmel studio 6.0/extensions/atmel/avrgcc/3.4.0.65/avrtoolchain/bin/../lib/gcc/avr/4.6.2/avr5\libgcc.a(_ctors.o)
 .debug_aranges
                0x000004b8       0x20 c:/program files (x86)/atmel/atmel studio 6.0/extensions/atmel/avrgcc/3.4.0.65/avrtoolchain/bin/../lib/gcc/avr/4.6.2/avr5\libgcc.a(_dtors.o)
 .debug_aranges
                0x000004d8       0x20 c:/program files (x86)/atmel/atmel studio 6.0/extensions/atmel/avrgcc/3.4.0.65/avrtoolchain/bin/../lib/gcc/avr/4.6.2/avr5\libgcc.a(_udivmodhi4.o)
 .debug_aranges
                0x000004f8       0x20 c:/program files (x86)/atmel/atmel studio 6.0/extensions/atmel/avrgcc/3.4.0.65/avrtoolchain/bin/../lib/gcc/avr/4.6.2/avr5\libgcc.a(_tablejump.o)
 .debug_aranges
                0x00000518       0x28 c:/program files (x86)/atmel/atmel studio 6.0/extensions/atmel/avrgcc/3.4.0.65/avrtoolchain/bin/../lib/gcc/avr/4.6.2/../../../../avr/lib/avr5\libc.a(malloc.o)

.debug_pubnames
                0x00000000      0x5b0
 *(.debug_pubnames)
 .debug_pubnames
                0x00000000       0x8d C:\Users\Raaj\Documents\Atmel Studio\ArduinoCore\libcore.a(wiring.c.o)
 .debug_pubnames
                0x0000008d       0xda C:\Users\Raaj\Documents\Atmel Studio\ArduinoCore\libcore.a(wiring_digital.c.o)
 .debug_pubnames
                0x00000167      0x19a C:\Users\Raaj\Documents\Atmel Studio\ArduinoCore\libcore.a(HardwareSerial.cpp.o)
 .debug_pubnames
                0x00000301       0x1b C:\Users\Raaj\Documents\Atmel Studio\ArduinoCore\libcore.a(main.cpp.o)
 .debug_pubnames
                0x0000031c       0x94 C:\Users\Raaj\Documents\Atmel Studio\ArduinoCore\libcore.a(new.cpp.o)
 .debug_pubnames
                0x000003b0      0x200 C:\Users\Raaj\Documents\Atmel Studio\ArduinoCore\libcore.a(Print.cpp.o)

.debug_info     0x00000000     0x7561
 *(.debug_info)
 .debug_info    0x00000000     0x1e9a Arduino/Lib/SoftwareSerial.o
 .debug_info    0x00001e9a      0x69a Arduino/WiFly/MyWiFi.o
 .debug_info    0x00002534      0x379 Arduino/WiFly/PWMDriver.o
 .debug_info    0x000028ad      0x539 CarProject.o
 .debug_info    0x00002de6      0x31c C:\Users\Raaj\Documents\Atmel Studio\ArduinoCore\libcore.a(wiring.c.o)
 .debug_info    0x00003102      0x592 C:\Users\Raaj\Documents\Atmel Studio\ArduinoCore\libcore.a(wiring_digital.c.o)
 .debug_info    0x00003694     0x1775 C:\Users\Raaj\Documents\Atmel Studio\ArduinoCore\libcore.a(HardwareSerial.cpp.o)
 .debug_info    0x00004e09      0x14b C:\Users\Raaj\Documents\Atmel Studio\ArduinoCore\libcore.a(main.cpp.o)
 .debug_info    0x00004f54      0x13b C:\Users\Raaj\Documents\Atmel Studio\ArduinoCore\libcore.a(new.cpp.o)
 .debug_info    0x0000508f     0x1a77 C:\Users\Raaj\Documents\Atmel Studio\ArduinoCore\libcore.a(Print.cpp.o)
 .debug_info    0x00006b06       0xdd c:/program files (x86)/atmel/atmel studio 6.0/extensions/atmel/avrgcc/3.4.0.65/avrtoolchain/bin/../lib/gcc/avr/4.6.2/avr5\libgcc.a(_divmodhi4.o)
 .debug_info    0x00006be3       0xdd c:/program files (x86)/atmel/atmel studio 6.0/extensions/atmel/avrgcc/3.4.0.65/avrtoolchain/bin/../lib/gcc/avr/4.6.2/avr5\libgcc.a(_udivmodsi4.o)
 .debug_info    0x00006cc0       0xdd c:/program files (x86)/atmel/atmel studio 6.0/extensions/atmel/avrgcc/3.4.0.65/avrtoolchain/bin/../lib/gcc/avr/4.6.2/avr5\libgcc.a(_exit.o)
 .debug_info    0x00006d9d       0xdd c:/program files (x86)/atmel/atmel studio 6.0/extensions/atmel/avrgcc/3.4.0.65/avrtoolchain/bin/../lib/gcc/avr/4.6.2/avr5\libgcc.a(_copy_data.o)
 .debug_info    0x00006e7a       0xdd c:/program files (x86)/atmel/atmel studio 6.0/extensions/atmel/avrgcc/3.4.0.65/avrtoolchain/bin/../lib/gcc/avr/4.6.2/avr5\libgcc.a(_clear_bss.o)
 .debug_info    0x00006f57       0xdd c:/program files (x86)/atmel/atmel studio 6.0/extensions/atmel/avrgcc/3.4.0.65/avrtoolchain/bin/../lib/gcc/avr/4.6.2/avr5\libgcc.a(_ctors.o)
 .debug_info    0x00007034       0xdd c:/program files (x86)/atmel/atmel studio 6.0/extensions/atmel/avrgcc/3.4.0.65/avrtoolchain/bin/../lib/gcc/avr/4.6.2/avr5\libgcc.a(_dtors.o)
 .debug_info    0x00007111       0xdd c:/program files (x86)/atmel/atmel studio 6.0/extensions/atmel/avrgcc/3.4.0.65/avrtoolchain/bin/../lib/gcc/avr/4.6.2/avr5\libgcc.a(_udivmodhi4.o)
 .debug_info    0x000071ee       0xdd c:/program files (x86)/atmel/atmel studio 6.0/extensions/atmel/avrgcc/3.4.0.65/avrtoolchain/bin/../lib/gcc/avr/4.6.2/avr5\libgcc.a(_tablejump.o)
 .debug_info    0x000072cb      0x296 c:/program files (x86)/atmel/atmel studio 6.0/extensions/atmel/avrgcc/3.4.0.65/avrtoolchain/bin/../lib/gcc/avr/4.6.2/../../../../avr/lib/avr5\libc.a(malloc.o)
 *(.gnu.linkonce.wi.*)

.debug_abbrev   0x00000000     0x1906
 *(.debug_abbrev)
 .debug_abbrev  0x00000000      0x52d Arduino/Lib/SoftwareSerial.o
 .debug_abbrev  0x0000052d      0x26a Arduino/WiFly/MyWiFi.o
 .debug_abbrev  0x00000797      0x1a1 Arduino/WiFly/PWMDriver.o
 .debug_abbrev  0x00000938      0x26c CarProject.o
 .debug_abbrev  0x00000ba4      0x17d C:\Users\Raaj\Documents\Atmel Studio\ArduinoCore\libcore.a(wiring.c.o)
 .debug_abbrev  0x00000d21      0x177 C:\Users\Raaj\Documents\Atmel Studio\ArduinoCore\libcore.a(wiring_digital.c.o)
 .debug_abbrev  0x00000e98      0x438 C:\Users\Raaj\Documents\Atmel Studio\ArduinoCore\libcore.a(HardwareSerial.cpp.o)
 .debug_abbrev  0x000012d0       0x7a C:\Users\Raaj\Documents\Atmel Studio\ArduinoCore\libcore.a(main.cpp.o)
 .debug_abbrev  0x0000134a       0xdd C:\Users\Raaj\Documents\Atmel Studio\ArduinoCore\libcore.a(new.cpp.o)
 .debug_abbrev  0x00001427      0x336 C:\Users\Raaj\Documents\Atmel Studio\ArduinoCore\libcore.a(Print.cpp.o)
 .debug_abbrev  0x0000175d       0x14 c:/program files (x86)/atmel/atmel studio 6.0/extensions/atmel/avrgcc/3.4.0.65/avrtoolchain/bin/../lib/gcc/avr/4.6.2/avr5\libgcc.a(_divmodhi4.o)
 .debug_abbrev  0x00001771       0x14 c:/program files (x86)/atmel/atmel studio 6.0/extensions/atmel/avrgcc/3.4.0.65/avrtoolchain/bin/../lib/gcc/avr/4.6.2/avr5\libgcc.a(_udivmodsi4.o)
 .debug_abbrev  0x00001785       0x14 c:/program files (x86)/atmel/atmel studio 6.0/extensions/atmel/avrgcc/3.4.0.65/avrtoolchain/bin/../lib/gcc/avr/4.6.2/avr5\libgcc.a(_exit.o)
 .debug_abbrev  0x00001799       0x14 c:/program files (x86)/atmel/atmel studio 6.0/extensions/atmel/avrgcc/3.4.0.65/avrtoolchain/bin/../lib/gcc/avr/4.6.2/avr5\libgcc.a(_copy_data.o)
 .debug_abbrev  0x000017ad       0x14 c:/program files (x86)/atmel/atmel studio 6.0/extensions/atmel/avrgcc/3.4.0.65/avrtoolchain/bin/../lib/gcc/avr/4.6.2/avr5\libgcc.a(_clear_bss.o)
 .debug_abbrev  0x000017c1       0x14 c:/program files (x86)/atmel/atmel studio 6.0/extensions/atmel/avrgcc/3.4.0.65/avrtoolchain/bin/../lib/gcc/avr/4.6.2/avr5\libgcc.a(_ctors.o)
 .debug_abbrev  0x000017d5       0x14 c:/program files (x86)/atmel/atmel studio 6.0/extensions/atmel/avrgcc/3.4.0.65/avrtoolchain/bin/../lib/gcc/avr/4.6.2/avr5\libgcc.a(_dtors.o)
 .debug_abbrev  0x000017e9       0x14 c:/program files (x86)/atmel/atmel studio 6.0/extensions/atmel/avrgcc/3.4.0.65/avrtoolchain/bin/../lib/gcc/avr/4.6.2/avr5\libgcc.a(_udivmodhi4.o)
 .debug_abbrev  0x000017fd       0x14 c:/program files (x86)/atmel/atmel studio 6.0/extensions/atmel/avrgcc/3.4.0.65/avrtoolchain/bin/../lib/gcc/avr/4.6.2/avr5\libgcc.a(_tablejump.o)
 .debug_abbrev  0x00001811       0xf5 c:/program files (x86)/atmel/atmel studio 6.0/extensions/atmel/avrgcc/3.4.0.65/avrtoolchain/bin/../lib/gcc/avr/4.6.2/../../../../avr/lib/avr5\libc.a(malloc.o)

.debug_line     0x00000000     0x2a3d
 *(.debug_line)
 .debug_line    0x00000000      0x4c3 Arduino/Lib/SoftwareSerial.o
 .debug_line    0x000004c3      0x2fe Arduino/WiFly/MyWiFi.o
 .debug_line    0x000007c1      0x1fd Arduino/WiFly/PWMDriver.o
 .debug_line    0x000009be      0x29a CarProject.o
 .debug_line    0x00000c58      0x38d C:\Users\Raaj\Documents\Atmel Studio\ArduinoCore\libcore.a(wiring.c.o)
 .debug_line    0x00000fe5      0x301 C:\Users\Raaj\Documents\Atmel Studio\ArduinoCore\libcore.a(wiring_digital.c.o)
 .debug_line    0x000012e6      0x664 C:\Users\Raaj\Documents\Atmel Studio\ArduinoCore\libcore.a(HardwareSerial.cpp.o)
 .debug_line    0x0000194a      0x147 C:\Users\Raaj\Documents\Atmel Studio\ArduinoCore\libcore.a(main.cpp.o)
 .debug_line    0x00001a91      0x1b2 C:\Users\Raaj\Documents\Atmel Studio\ArduinoCore\libcore.a(new.cpp.o)
 .debug_line    0x00001c43      0x6f9 C:\Users\Raaj\Documents\Atmel Studio\ArduinoCore\libcore.a(Print.cpp.o)
 .debug_line    0x0000233c       0x99 c:/program files (x86)/atmel/atmel studio 6.0/extensions/atmel/avrgcc/3.4.0.65/avrtoolchain/bin/../lib/gcc/avr/4.6.2/avr5\libgcc.a(_divmodhi4.o)
 .debug_line    0x000023d5       0xa8 c:/program files (x86)/atmel/atmel studio 6.0/extensions/atmel/avrgcc/3.4.0.65/avrtoolchain/bin/../lib/gcc/avr/4.6.2/avr5\libgcc.a(_udivmodsi4.o)
 .debug_line    0x0000247d       0x88 c:/program files (x86)/atmel/atmel studio 6.0/extensions/atmel/avrgcc/3.4.0.65/avrtoolchain/bin/../lib/gcc/avr/4.6.2/avr5\libgcc.a(_exit.o)
 .debug_line    0x00002505       0x91 c:/program files (x86)/atmel/atmel studio 6.0/extensions/atmel/avrgcc/3.4.0.65/avrtoolchain/bin/../lib/gcc/avr/4.6.2/avr5\libgcc.a(_copy_data.o)
 .debug_line    0x00002596       0x8e c:/program files (x86)/atmel/atmel studio 6.0/extensions/atmel/avrgcc/3.4.0.65/avrtoolchain/bin/../lib/gcc/avr/4.6.2/avr5\libgcc.a(_clear_bss.o)
 .debug_line    0x00002624       0x90 c:/program files (x86)/atmel/atmel studio 6.0/extensions/atmel/avrgcc/3.4.0.65/avrtoolchain/bin/../lib/gcc/avr/4.6.2/avr5\libgcc.a(_ctors.o)
 .debug_line    0x000026b4       0x90 c:/program files (x86)/atmel/atmel studio 6.0/extensions/atmel/avrgcc/3.4.0.65/avrtoolchain/bin/../lib/gcc/avr/4.6.2/avr5\libgcc.a(_dtors.o)
 .debug_line    0x00002744       0x9a c:/program files (x86)/atmel/atmel studio 6.0/extensions/atmel/avrgcc/3.4.0.65/avrtoolchain/bin/../lib/gcc/avr/4.6.2/avr5\libgcc.a(_udivmodhi4.o)
 .debug_line    0x000027de       0x8c c:/program files (x86)/atmel/atmel studio 6.0/extensions/atmel/avrgcc/3.4.0.65/avrtoolchain/bin/../lib/gcc/avr/4.6.2/avr5\libgcc.a(_tablejump.o)
 .debug_line    0x0000286a      0x1d3 c:/program files (x86)/atmel/atmel studio 6.0/extensions/atmel/avrgcc/3.4.0.65/avrtoolchain/bin/../lib/gcc/avr/4.6.2/../../../../avr/lib/avr5\libc.a(malloc.o)

.debug_frame    0x00000000      0x984
 *(.debug_frame)
 .debug_frame   0x00000000      0x2c0 Arduino/Lib/SoftwareSerial.o
 .debug_frame   0x000002c0      0x140 Arduino/WiFly/MyWiFi.o
 .debug_frame   0x00000400       0x8c Arduino/WiFly/PWMDriver.o
 .debug_frame   0x0000048c       0xa4 CarProject.o
 .debug_frame   0x00000530       0x70 C:\Users\Raaj\Documents\Atmel Studio\ArduinoCore\libcore.a(wiring.c.o)
 .debug_frame   0x000005a0       0x40 C:\Users\Raaj\Documents\Atmel Studio\ArduinoCore\libcore.a(wiring_digital.c.o)
 .debug_frame   0x000005e0      0x100 C:\Users\Raaj\Documents\Atmel Studio\ArduinoCore\libcore.a(HardwareSerial.cpp.o)
 .debug_frame   0x000006e0       0x20 C:\Users\Raaj\Documents\Atmel Studio\ArduinoCore\libcore.a(main.cpp.o)
 .debug_frame   0x00000700       0x70 C:\Users\Raaj\Documents\Atmel Studio\ArduinoCore\libcore.a(new.cpp.o)
 .debug_frame   0x00000770      0x1c0 C:\Users\Raaj\Documents\Atmel Studio\ArduinoCore\libcore.a(Print.cpp.o)
 .debug_frame   0x00000930       0x54 c:/program files (x86)/atmel/atmel studio 6.0/extensions/atmel/avrgcc/3.4.0.65/avrtoolchain/bin/../lib/gcc/avr/4.6.2/../../../../avr/lib/avr5\libc.a(malloc.o)

.debug_str      0x00000000     0x1c57
 *(.debug_str)
 .debug_str     0x00000000      0xfee Arduino/Lib/SoftwareSerial.o
                               0x10e0 (size before relaxing)
 .debug_str     0x00000fee      0x249 Arduino/WiFly/MyWiFi.o
                                0x359 (size before relaxing)
 .debug_str     0x00001237       0x37 Arduino/WiFly/PWMDriver.o
                                0x19f (size before relaxing)
 .debug_str     0x0000126e      0x103 CarProject.o
                                0x369 (size before relaxing)
 .debug_str     0x00001371       0x9b C:\Users\Raaj\Documents\Atmel Studio\ArduinoCore\libcore.a(wiring.c.o)
                                0x14e (size before relaxing)
 .debug_str     0x0000140c       0xa2 C:\Users\Raaj\Documents\Atmel Studio\ArduinoCore\libcore.a(wiring_digital.c.o)
                                0x1b9 (size before relaxing)
 .debug_str     0x000014ae      0x23c C:\Users\Raaj\Documents\Atmel Studio\ArduinoCore\libcore.a(HardwareSerial.cpp.o)
                                0xd63 (size before relaxing)
 .debug_str     0x000016ea       0x3e C:\Users\Raaj\Documents\Atmel Studio\ArduinoCore\libcore.a(main.cpp.o)
                                 0xe1 (size before relaxing)
 .debug_str     0x00001728       0xb7 C:\Users\Raaj\Documents\Atmel Studio\ArduinoCore\libcore.a(new.cpp.o)
                                 0xf5 (size before relaxing)
 .debug_str     0x000017df      0x38a C:\Users\Raaj\Documents\Atmel Studio\ArduinoCore\libcore.a(Print.cpp.o)
                                0xbeb (size before relaxing)
 .debug_str     0x00001b69       0xee c:/program files (x86)/atmel/atmel studio 6.0/extensions/atmel/avrgcc/3.4.0.65/avrtoolchain/bin/../lib/gcc/avr/4.6.2/../../../../avr/lib/avr5\libc.a(malloc.o)
                                0x16a (size before relaxing)

.debug_loc      0x00000000     0x2e00
 *(.debug_loc)
 .debug_loc     0x00000000      0xb4b Arduino/Lib/SoftwareSerial.o
 .debug_loc     0x00000b4b      0x71c Arduino/WiFly/MyWiFi.o
 .debug_loc     0x00001267      0x286 Arduino/WiFly/PWMDriver.o
 .debug_loc     0x000014ed       0xa3 CarProject.o
 .debug_loc     0x00001590      0x16d C:\Users\Raaj\Documents\Atmel Studio\ArduinoCore\libcore.a(wiring.c.o)
 .debug_loc     0x000016fd      0x15e C:\Users\Raaj\Documents\Atmel Studio\ArduinoCore\libcore.a(wiring_digital.c.o)
 .debug_loc     0x0000185b      0x37c C:\Users\Raaj\Documents\Atmel Studio\ArduinoCore\libcore.a(HardwareSerial.cpp.o)
 .debug_loc     0x00001bd7       0x80 C:\Users\Raaj\Documents\Atmel Studio\ArduinoCore\libcore.a(new.cpp.o)
 .debug_loc     0x00001c57      0xd88 C:\Users\Raaj\Documents\Atmel Studio\ArduinoCore\libcore.a(Print.cpp.o)
 .debug_loc     0x000029df      0x421 c:/program files (x86)/atmel/atmel studio 6.0/extensions/atmel/avrgcc/3.4.0.65/avrtoolchain/bin/../lib/gcc/avr/4.6.2/../../../../avr/lib/avr5\libc.a(malloc.o)

.debug_macinfo
 *(.debug_macinfo)
OUTPUT(CarProject.elf elf32-avr)
LOAD linker stubs

.debug_ranges   0x00000000      0x3a0
 .debug_ranges  0x00000000       0xa8 Arduino/Lib/SoftwareSerial.o
 .debug_ranges  0x000000a8       0x40 Arduino/WiFly/MyWiFi.o
 .debug_ranges  0x000000e8       0x28 Arduino/WiFly/PWMDriver.o
 .debug_ranges  0x00000110       0x48 CarProject.o
 .debug_ranges  0x00000158       0x40 C:\Users\Raaj\Documents\Atmel Studio\ArduinoCore\libcore.a(wiring.c.o)
 .debug_ranges  0x00000198       0x28 C:\Users\Raaj\Documents\Atmel Studio\ArduinoCore\libcore.a(wiring_digital.c.o)
 .debug_ranges  0x000001c0       0x88 C:\Users\Raaj\Documents\Atmel Studio\ArduinoCore\libcore.a(HardwareSerial.cpp.o)
 .debug_ranges  0x00000248       0x18 C:\Users\Raaj\Documents\Atmel Studio\ArduinoCore\libcore.a(main.cpp.o)
 .debug_ranges  0x00000260       0x40 C:\Users\Raaj\Documents\Atmel Studio\ArduinoCore\libcore.a(new.cpp.o)
 .debug_ranges  0x000002a0       0xe8 C:\Users\Raaj\Documents\Atmel Studio\ArduinoCore\libcore.a(Print.cpp.o)
 .debug_ranges  0x00000388       0x18 c:/program files (x86)/atmel/atmel studio 6.0/extensions/atmel/avrgcc/3.4.0.65/avrtoolchain/bin/../lib/gcc/avr/4.6.2/../../../../avr/lib/avr5\libc.a(malloc.o)
